// Jest Snapshot v1, https://goo.gl/fbAQLP

exports[`test snapshot Main page 1`] = `
<div>
  <div
    class="App"
  >
    <h1>
      KODO
    </h1>
    <div
      class="container"
    >
      <div
        class="content__search"
      >
        <input
          placeholder="Search by Title and Description"
          type="text"
          value=""
        />
        <span>
          SORT BY:
          <select>
            <option
              value="default"
            >
              DEFAULT
            </option>
            <option
              value="title"
            >
              TITLE
            </option>
            <option
              value="date"
            >
              DATE
            </option>
          </select>
        </span>
      </div>
      <div
        style="margin-bottom: 20px;"
      >
        <div>
          <div
            class="content__container"
          >
            <div
              class="content__container_item"
            >
              <h3>
                Customer Assurance Liaison
              </h3>
              <img
                alt="itemImage"
                height="150px"
                src="http://lorempixel.com/640/480"
                width="150px"
              />
              <p>
                Vel voluptatem id repudiandae aut omnis. Deleniti tempore aliquam quia magnam eos. Sunt saepe nisi delectus.
              </p>
            </div>
            <div
              class="content__container_item"
            >
              <h3>
                Dynamic Infrastructure Designer
              </h3>
              <img
                alt="itemImage"
                height="150px"
                src="http://lorempixel.com/640/480"
                width="150px"
              />
              <p>
                Quaerat in rerum. Possimus reprehenderit provident ea voluptatem qui et enim. Ducimus ea soluta esse modi quia.
              </p>
            </div>
            <div
              class="content__container_item"
            >
              <h3>
                Regional Configuration Designer
              </h3>
              <img
                alt="itemImage"
                height="150px"
                src="http://lorempixel.com/640/480"
                width="150px"
              />
              <p>
                Rerum voluptatibus deleniti. Et quo ea magnam quisquam aliquam sequi sed praesentium. Similique est maiores. Tempora sed ad dolores error deserunt possimus sed perferendis molestiae. Doloribus fuga velit ipsum voluptatem ut ducimus.
              </p>
            </div>
            <div
              class="content__container_item"
            >
              <h3>
                District Metrics Executive
              </h3>
              <img
                alt="itemImage"
                height="150px"
                src="http://lorempixel.com/640/480"
                width="150px"
              />
              <p>
                Odit repudiandae et nemo voluptas quae. Voluptatibus inventore iure deserunt aliquid qui esse. Impedit molestias ea sed. Neque perspiciatis excepturi odit. Quibusdam facere dolor. Adipisci recusandae recusandae.
              </p>
            </div>
            <div
              class="content__container_item"
            >
              <h3>
                International Brand Analyst
              </h3>
              <img
                alt="itemImage"
                height="150px"
                src="http://lorempixel.com/640/480"
                width="150px"
              />
              <p>
                Fuga cupiditate dolorum eos. Quia vel et eos qui tempora. Et et et et alias at suscipit. Corporis eum nostrum recusandae similique rerum sit perferendis ut. Qui excepturi laborum est et fugit laborum.
              </p>
            </div>
            <div
              class="content__container_item"
            >
              <h3>
                Human Factors Analyst
              </h3>
              <img
                alt="itemImage"
                height="150px"
                src="http://lorempixel.com/640/480"
                width="150px"
              />
              <p>
                Quis eos in repudiandae. Dicta dolore rerum unde sapiente. Consequatur ea rerum non alias et sapiente dolore aliquid. Eius quia delectus porro id non voluptas.
              </p>
            </div>
            <div
              class="content__container_item"
            >
              <h3>
                Human Data Designer
              </h3>
              <img
                alt="itemImage"
                height="150px"
                src="http://lorempixel.com/640/480"
                width="150px"
              />
              <p>
                Vero enim dignissimos. Numquam harum facilis delectus itaque dolore libero omnis asperiores aut. Deserunt quas dolore omnis quibusdam aut. A nihil expedita repellat eaque unde eveniet voluptatum harum.
              </p>
            </div>
            <div
              class="content__container_item"
            >
              <h3>
                Dynamic Identity Specialist
              </h3>
              <img
                alt="itemImage"
                height="150px"
                src="http://lorempixel.com/640/480"
                width="150px"
              />
              <p>
                Quasi temporibus hic et accusantium. Ea et ullam illum esse quae ea adipisci. Rerum nihil quod ex error voluptatem voluptatem et culpa. Nemo voluptatem veritatis fugiat molestiae officiis adipisci. Perferendis et sed illum.
              </p>
            </div>
            <div
              class="content__container_item"
            >
              <h3>
                Chief Brand Orchestrator
              </h3>
              <img
                alt="itemImage"
                height="150px"
                src="http://lorempixel.com/640/480"
                width="150px"
              />
              <p>
                Doloremque consequatur expedita excepturi dolores debitis. Aperiam illum dolorum officia officia consequatur sint reiciendis. Ut veniam eos nam vel. Beatae sit qui tenetur. Fugit illum cum. Vitae cupiditate maiores aut pariatur corporis.
              </p>
            </div>
            <div
              class="content__container_item"
            >
              <h3>
                Legacy Metrics Agent
              </h3>
              <img
                alt="itemImage"
                height="150px"
                src="http://lorempixel.com/640/480"
                width="150px"
              />
              <p>
                Animi omnis et aliquid sunt aut dolorem sit non blanditiis. Vel odio dolor excepturi quos voluptatibus est voluptas quis vitae. Id fugiat quam quo quisquam corrupti. Laborum veritatis autem voluptatem et.
              </p>
            </div>
          </div>
          <div
            class="pagination"
          >
            <button>
              «
            </button>
            <button
              class="active"
            >
              1
            </button>
            <button
              class=""
            >
              2
            </button>
            <button
              class=""
            >
              3
            </button>
            <button
              class=""
            >
              4
            </button>
            <button
              class=""
            >
              5
            </button>
            <button
              class=""
            >
              6
            </button>
            <button
              class=""
            >
              7
            </button>
            <button
              class=""
            >
              8
            </button>
            <button
              class=""
            >
              9
            </button>
            <button
              class=""
            >
              10
            </button>
            <button>
              »
            </button>
          </div>
        </div>
      </div>
      <div>
        <div>
          <table>
            <thead>
              <tr>
                <th>
                  Name
                </th>
                <th>
                  Image
                </th>
                <th>
                  Description
                </th>
              </tr>
            </thead>
            <tbody>
              <tr>
                <td>
                  Customer Assurance Liaison
                </td>
                <td>
                  <img
                    alt="item_image"
                    height="70px"
                    src="http://lorempixel.com/640/480"
                    width="70px"
                  />
                </td>
                <td>
                  Vel voluptatem id repudiandae aut omnis. Deleniti tempore aliquam quia magnam eos. Sunt saepe nisi delectus.
                </td>
              </tr>
              <tr>
                <td>
                  Dynamic Infrastructure Designer
                </td>
                <td>
                  <img
                    alt="item_image"
                    height="70px"
                    src="http://lorempixel.com/640/480"
                    width="70px"
                  />
                </td>
                <td>
                  Quaerat in rerum. Possimus reprehenderit provident ea voluptatem qui et enim. Ducimus ea soluta esse modi quia.
                </td>
              </tr>
              <tr>
                <td>
                  Regional Configuration Designer
                </td>
                <td>
                  <img
                    alt="item_image"
                    height="70px"
                    src="http://lorempixel.com/640/480"
                    width="70px"
                  />
                </td>
                <td>
                  Rerum voluptatibus deleniti. Et quo ea magnam quisquam aliquam sequi sed praesentium. Similique est maiores. Tempora sed ad dolores error deserunt possimus sed perferendis molestiae. Doloribus fuga velit ipsum voluptatem ut ducimus.
                </td>
              </tr>
              <tr>
                <td>
                  District Metrics Executive
                </td>
                <td>
                  <img
                    alt="item_image"
                    height="70px"
                    src="http://lorempixel.com/640/480"
                    width="70px"
                  />
                </td>
                <td>
                  Odit repudiandae et nemo voluptas quae. Voluptatibus inventore iure deserunt aliquid qui esse. Impedit molestias ea sed. Neque perspiciatis excepturi odit. Quibusdam facere dolor. Adipisci recusandae recusandae.
                </td>
              </tr>
              <tr>
                <td>
                  International Brand Analyst
                </td>
                <td>
                  <img
                    alt="item_image"
                    height="70px"
                    src="http://lorempixel.com/640/480"
                    width="70px"
                  />
                </td>
                <td>
                  Fuga cupiditate dolorum eos. Quia vel et eos qui tempora. Et et et et alias at suscipit. Corporis eum nostrum recusandae similique rerum sit perferendis ut. Qui excepturi laborum est et fugit laborum.
                </td>
              </tr>
              <tr>
                <td>
                  Human Factors Analyst
                </td>
                <td>
                  <img
                    alt="item_image"
                    height="70px"
                    src="http://lorempixel.com/640/480"
                    width="70px"
                  />
                </td>
                <td>
                  Quis eos in repudiandae. Dicta dolore rerum unde sapiente. Consequatur ea rerum non alias et sapiente dolore aliquid. Eius quia delectus porro id non voluptas.
                </td>
              </tr>
              <tr>
                <td>
                  Human Data Designer
                </td>
                <td>
                  <img
                    alt="item_image"
                    height="70px"
                    src="http://lorempixel.com/640/480"
                    width="70px"
                  />
                </td>
                <td>
                  Vero enim dignissimos. Numquam harum facilis delectus itaque dolore libero omnis asperiores aut. Deserunt quas dolore omnis quibusdam aut. A nihil expedita repellat eaque unde eveniet voluptatum harum.
                </td>
              </tr>
              <tr>
                <td>
                  Dynamic Identity Specialist
                </td>
                <td>
                  <img
                    alt="item_image"
                    height="70px"
                    src="http://lorempixel.com/640/480"
                    width="70px"
                  />
                </td>
                <td>
                  Quasi temporibus hic et accusantium. Ea et ullam illum esse quae ea adipisci. Rerum nihil quod ex error voluptatem voluptatem et culpa. Nemo voluptatem veritatis fugiat molestiae officiis adipisci. Perferendis et sed illum.
                </td>
              </tr>
              <tr>
                <td>
                  Chief Brand Orchestrator
                </td>
                <td>
                  <img
                    alt="item_image"
                    height="70px"
                    src="http://lorempixel.com/640/480"
                    width="70px"
                  />
                </td>
                <td>
                  Doloremque consequatur expedita excepturi dolores debitis. Aperiam illum dolorum officia officia consequatur sint reiciendis. Ut veniam eos nam vel. Beatae sit qui tenetur. Fugit illum cum. Vitae cupiditate maiores aut pariatur corporis.
                </td>
              </tr>
              <tr>
                <td>
                  Legacy Metrics Agent
                </td>
                <td>
                  <img
                    alt="item_image"
                    height="70px"
                    src="http://lorempixel.com/640/480"
                    width="70px"
                  />
                </td>
                <td>
                  Animi omnis et aliquid sunt aut dolorem sit non blanditiis. Vel odio dolor excepturi quos voluptatibus est voluptas quis vitae. Id fugiat quam quo quisquam corrupti. Laborum veritatis autem voluptatem et.
                </td>
              </tr>
              <tr>
                <td>
                  Regional Intranet Developer
                </td>
                <td>
                  <img
                    alt="item_image"
                    height="70px"
                    src="http://lorempixel.com/640/480"
                    width="70px"
                  />
                </td>
                <td>
                  Corrupti voluptates sint esse voluptatem sed hic sint. Esse ad optio. Eius et mollitia rem voluptatum.
                </td>
              </tr>
              <tr>
                <td>
                  Human Directives Analyst
                </td>
                <td>
                  <img
                    alt="item_image"
                    height="70px"
                    src="http://lorempixel.com/640/480"
                    width="70px"
                  />
                </td>
                <td>
                  Sint accusamus sed quidem ab ut quis ut. Id unde eaque voluptatem pariatur sit blanditiis sequi. Repellat deserunt id autem blanditiis dicta eius quis et debitis. Culpa minus asperiores. Rerum delectus id magni consequatur quas voluptas ea tenetur et.
                </td>
              </tr>
              <tr>
                <td>
                  Chief Optimization Specialist
                </td>
                <td>
                  <img
                    alt="item_image"
                    height="70px"
                    src="http://lorempixel.com/640/480"
                    width="70px"
                  />
                </td>
                <td>
                  Repudiandae aut et voluptas voluptas. Voluptas quod ad labore. Earum nihil sint. Deserunt sint voluptatem ratione tempora at eos provident et accusantium. Sunt tempora porro dolorem necessitatibus labore molestiae blanditiis. Labore quam molestiae quos vel omnis nihil.
                </td>
              </tr>
              <tr>
                <td>
                  Future Division Director
                </td>
                <td>
                  <img
                    alt="item_image"
                    height="70px"
                    src="http://lorempixel.com/640/480"
                    width="70px"
                  />
                </td>
                <td>
                  Quibusdam at id sint voluptatem maxime inventore eos praesentium. Aliquam veritatis harum voluptate hic voluptas voluptate. Est delectus voluptas laborum maxime recusandae. Qui et enim numquam voluptate. Sint sed neque odit.
                </td>
              </tr>
              <tr>
                <td>
                  Dynamic Metrics Designer
                </td>
                <td>
                  <img
                    alt="item_image"
                    height="70px"
                    src="http://lorempixel.com/640/480"
                    width="70px"
                  />
                </td>
                <td>
                  Consequatur expedita velit asperiores maxime. Enim fuga qui error eum qui nobis. Et quod quidem quia et aut temporibus officia optio officiis. Quia porro aut velit omnis maxime aut dolore dicta ut.
                </td>
              </tr>
              <tr>
                <td>
                  Dynamic Marketing Consultant
                </td>
                <td>
                  <img
                    alt="item_image"
                    height="70px"
                    src="http://lorempixel.com/640/480"
                    width="70px"
                  />
                </td>
                <td>
                  Officia vero non illum nesciunt perferendis quia porro. Voluptatibus suscipit esse labore odit harum laudantium magni. Sit facere quia qui quam est nostrum sed dolorum.
                </td>
              </tr>
              <tr>
                <td>
                  Investor Brand Executive
                </td>
                <td>
                  <img
                    alt="item_image"
                    height="70px"
                    src="http://lorempixel.com/640/480"
                    width="70px"
                  />
                </td>
                <td>
                  Vel ex explicabo. Quibusdam impedit ratione eligendi qui ea animi. Dolores molestiae non. Ipsum et vitae aperiam fugiat deleniti repellendus magnam animi. Illo esse dolores ad.
                </td>
              </tr>
              <tr>
                <td>
                  Investor Quality Executive
                </td>
                <td>
                  <img
                    alt="item_image"
                    height="70px"
                    src="http://lorempixel.com/640/480"
                    width="70px"
                  />
                </td>
                <td>
                  Voluptatem itaque eos voluptatibus. Sunt ea molestiae consequatur quidem et sequi vero. Id blanditiis aspernatur iure ea officia dolores deleniti. Porro autem molestias animi eum et atque et. Fuga et culpa.
                </td>
              </tr>
              <tr>
                <td>
                  Global Interactions Producer
                </td>
                <td>
                  <img
                    alt="item_image"
                    height="70px"
                    src="http://lorempixel.com/640/480"
                    width="70px"
                  />
                </td>
                <td>
                  Aliquam sit quam veniam consequatur voluptatibus fugit repellat ut. Impedit quia culpa et quia sapiente cum autem vitae. Aliquid error provident vel quod quibusdam. Quis eum quis est cum qui.
                </td>
              </tr>
              <tr>
                <td>
                  District Data Officer
                </td>
                <td>
                  <img
                    alt="item_image"
                    height="70px"
                    src="http://lorempixel.com/640/480"
                    width="70px"
                  />
                </td>
                <td>
                  Perspiciatis suscipit eius. Atque dolorem eligendi rerum et aut laborum et quidem. Excepturi minima omnis debitis necessitatibus suscipit voluptatem neque.
                </td>
              </tr>
              <tr>
                <td>
                  Investor Brand Planner
                </td>
                <td>
                  <img
                    alt="item_image"
                    height="70px"
                    src="http://lorempixel.com/640/480"
                    width="70px"
                  />
                </td>
                <td>
                  Recusandae quibusdam cum voluptatem nisi et veritatis assumenda iusto. Optio pariatur pariatur eveniet non voluptate ipsum corporis. Consequatur et commodi ut enim molestiae maiores culpa iure. Qui dolor distinctio ex perferendis omnis soluta sunt omnis accusantium. Sequi adipisci voluptate sunt minus et aut vel.
                </td>
              </tr>
              <tr>
                <td>
                  Chief Identity Technician
                </td>
                <td>
                  <img
                    alt="item_image"
                    height="70px"
                    src="http://lorempixel.com/640/480"
                    width="70px"
                  />
                </td>
                <td>
                  Ipsum quis blanditiis enim. Ut ut nisi laborum impedit veritatis. Quia pariatur laboriosam iure esse est necessitatibus velit. Voluptates et nam occaecati eius ut repudiandae saepe quo. Non velit delectus voluptatem sint fugit facilis.
                </td>
              </tr>
              <tr>
                <td>
                  Legacy Optimization Strategist
                </td>
                <td>
                  <img
                    alt="item_image"
                    height="70px"
                    src="http://lorempixel.com/640/480"
                    width="70px"
                  />
                </td>
                <td>
                  Explicabo voluptas et rem expedita voluptatum. Sunt excepturi tempora dicta id voluptates blanditiis voluptas quia quo. Qui officiis et. Quibusdam ut perferendis exercitationem aperiam. Omnis voluptas quos dolorem ut molestias.
                </td>
              </tr>
              <tr>
                <td>
                  Global Operations Liaison
                </td>
                <td>
                  <img
                    alt="item_image"
                    height="70px"
                    src="http://lorempixel.com/640/480"
                    width="70px"
                  />
                </td>
                <td>
                  Recusandae aut voluptas velit tempora mollitia. Culpa aut eius repudiandae ab molestias earum. Unde in sit tempora et.
                </td>
              </tr>
              <tr>
                <td>
                  Human Brand Liaison
                </td>
                <td>
                  <img
                    alt="item_image"
                    height="70px"
                    src="http://lorempixel.com/640/480"
                    width="70px"
                  />
                </td>
                <td>
                  Iure id sapiente quae et alias nam sit. Qui harum dolorem sapiente magnam id qui dolores dolorem voluptatem. Excepturi ea nesciunt quo ab voluptates sint amet dignissimos. Corrupti reiciendis odit.
                </td>
              </tr>
              <tr>
                <td>
                  Internal Assurance Manager
                </td>
                <td>
                  <img
                    alt="item_image"
                    height="70px"
                    src="http://lorempixel.com/640/480"
                    width="70px"
                  />
                </td>
                <td>
                  Excepturi distinctio tempora numquam praesentium necessitatibus ipsum. Molestiae amet saepe odio vero et laboriosam ipsum. Doloremque distinctio molestiae optio.
                </td>
              </tr>
              <tr>
                <td>
                  Legacy Usability Engineer
                </td>
                <td>
                  <img
                    alt="item_image"
                    height="70px"
                    src="http://lorempixel.com/640/480"
                    width="70px"
                  />
                </td>
                <td>
                  Hic tempora dolore. Odio sequi ut. Eaque nobis est exercitationem et reiciendis saepe quo. Saepe nulla quidem aut dolor architecto vero quas dolores. Culpa atque odit vitae quod.
                </td>
              </tr>
              <tr>
                <td>
                  Regional Paradigm Developer
                </td>
                <td>
                  <img
                    alt="item_image"
                    height="70px"
                    src="http://lorempixel.com/640/480"
                    width="70px"
                  />
                </td>
                <td>
                  Nulla veniam rerum nihil et vel cupiditate. Sunt dolorem quaerat assumenda exercitationem tempore. Ut qui eveniet cupiditate quam qui beatae. Cumque et nihil autem vel ut et qui. Qui voluptatem dolores temporibus assumenda vel odit.
                </td>
              </tr>
              <tr>
                <td>
                  Central Implementation Coordinator
                </td>
                <td>
                  <img
                    alt="item_image"
                    height="70px"
                    src="http://lorempixel.com/640/480"
                    width="70px"
                  />
                </td>
                <td>
                  Aut et voluptatum laudantium labore et. Molestiae modi esse qui. Ex quidem animi. Dolore consequatur ut occaecati rem id rem est quia quidem. Sit in delectus et vero. Sed quibusdam asperiores ut.
                </td>
              </tr>
              <tr>
                <td>
                  Direct Data Facilitator
                </td>
                <td>
                  <img
                    alt="item_image"
                    height="70px"
                    src="http://lorempixel.com/640/480"
                    width="70px"
                  />
                </td>
                <td>
                  Sint atque minus qui officiis. Numquam recusandae sint sit est harum consectetur. Qui sequi veniam nihil porro temporibus commodi illo praesentium ab. Et eum aut nihil fugit voluptates deserunt explicabo dolore. Qui neque quis quasi voluptates et beatae atque rerum. Temporibus soluta repellat.
                </td>
              </tr>
              <tr>
                <td>
                  District Applications Representative
                </td>
                <td>
                  <img
                    alt="item_image"
                    height="70px"
                    src="http://lorempixel.com/640/480"
                    width="70px"
                  />
                </td>
                <td>
                  Libero optio nihil minima corporis aspernatur fugiat quia. Ea qui cupiditate impedit provident quas et accusamus occaecati quidem. Ut corrupti eum corporis id velit necessitatibus voluptatem est quibusdam. Deleniti qui quam perferendis reprehenderit ut.
                </td>
              </tr>
              <tr>
                <td>
                  Regional Marketing Developer
                </td>
                <td>
                  <img
                    alt="item_image"
                    height="70px"
                    src="http://lorempixel.com/640/480"
                    width="70px"
                  />
                </td>
                <td>
                  Consequatur enim quo. Vitae non autem quas. Omnis accusantium suscipit consequatur eaque ut voluptatibus est. Qui non atque quasi. Ut rerum aut totam temporibus. Beatae aliquam voluptatem dolorum nobis quia omnis deleniti esse voluptas.
                </td>
              </tr>
              <tr>
                <td>
                  Corporate Integration Specialist
                </td>
                <td>
                  <img
                    alt="item_image"
                    height="70px"
                    src="http://lorempixel.com/640/480"
                    width="70px"
                  />
                </td>
                <td>
                  Dolor nihil ex culpa quam perferendis aut id perferendis laborum. Provident dolor eos nesciunt libero perspiciatis. Est commodi enim expedita molestiae ea necessitatibus quod voluptatem.
                </td>
              </tr>
              <tr>
                <td>
                  Chief Security Agent
                </td>
                <td>
                  <img
                    alt="item_image"
                    height="70px"
                    src="http://lorempixel.com/640/480"
                    width="70px"
                  />
                </td>
                <td>
                  Aspernatur at debitis aliquam dolor labore quia. Quaerat tenetur qui quis. Laudantium tempore qui praesentium veritatis doloremque consequatur possimus quasi. Iure aspernatur atque tenetur itaque error aut natus harum.
                </td>
              </tr>
              <tr>
                <td>
                  Senior Marketing Director
                </td>
                <td>
                  <img
                    alt="item_image"
                    height="70px"
                    src="http://lorempixel.com/640/480"
                    width="70px"
                  />
                </td>
                <td>
                  Quia fuga et et exercitationem officiis soluta repellendus et ut. Quas nam sint quo magni nihil laboriosam reiciendis voluptatem fugit. Dolores et facilis architecto. Voluptate eum nam exercitationem quis voluptatem rerum laborum.
                </td>
              </tr>
              <tr>
                <td>
                  Lead Solutions Engineer
                </td>
                <td>
                  <img
                    alt="item_image"
                    height="70px"
                    src="http://lorempixel.com/640/480"
                    width="70px"
                  />
                </td>
                <td>
                  Facere ducimus facilis molestiae. Pariatur optio hic pariatur velit accusamus. Fugit ratione blanditiis delectus. Architecto dolor omnis. Minima reiciendis eos quos. Quis tempore libero sed odit animi vitae enim porro eos.
                </td>
              </tr>
              <tr>
                <td>
                  Human Configuration Developer
                </td>
                <td>
                  <img
                    alt="item_image"
                    height="70px"
                    src="http://lorempixel.com/640/480"
                    width="70px"
                  />
                </td>
                <td>
                  Qui nesciunt ab rerum enim. Minima dolorum optio repellat molestiae sunt. Molestias ut ratione ut.
                </td>
              </tr>
              <tr>
                <td>
                  Future Program Assistant
                </td>
                <td>
                  <img
                    alt="item_image"
                    height="70px"
                    src="http://lorempixel.com/640/480"
                    width="70px"
                  />
                </td>
                <td>
                  Commodi aperiam perferendis modi dolor laudantium neque non hic non. Nam ducimus et. Enim eius autem quasi quia. Sed voluptatem illum dolore. Sit aliquid repellat cum illo nesciunt et recusandae aut iure.
                </td>
              </tr>
              <tr>
                <td>
                  International Directives Manager
                </td>
                <td>
                  <img
                    alt="item_image"
                    height="70px"
                    src="http://lorempixel.com/640/480"
                    width="70px"
                  />
                </td>
                <td>
                  Velit velit sit veniam et neque. Omnis maiores non iure sed. Mollitia quibusdam dolorem sunt et qui et veritatis voluptatum. Placeat autem molestiae nobis maxime et qui quis enim dignissimos. Magni ut veniam dolores mollitia aut culpa laborum expedita. Qui suscipit ipsa a ullam qui.
                </td>
              </tr>
              <tr>
                <td>
                  Dynamic Security Director
                </td>
                <td>
                  <img
                    alt="item_image"
                    height="70px"
                    src="http://lorempixel.com/640/480"
                    width="70px"
                  />
                </td>
                <td>
                  Molestiae magni in dolores sint totam vero sed quia. Sequi officiis labore. Cum quidem quas. Ipsam quibusdam aliquid in ad suscipit id quae. Ut porro possimus pariatur fugit laudantium sapiente deserunt culpa quas. Incidunt et repellat dolore.
                </td>
              </tr>
              <tr>
                <td>
                  Future Marketing Representative
                </td>
                <td>
                  <img
                    alt="item_image"
                    height="70px"
                    src="http://lorempixel.com/640/480"
                    width="70px"
                  />
                </td>
                <td>
                  Ipsum necessitatibus sequi aut. Fugit placeat qui in beatae qui tempora aut. Omnis consectetur ullam consectetur voluptatibus ipsum dignissimos. Quis laborum porro magni quae qui dignissimos. Voluptatem voluptas ea et et quam.
                </td>
              </tr>
              <tr>
                <td>
                  Lead Quality Technician
                </td>
                <td>
                  <img
                    alt="item_image"
                    height="70px"
                    src="http://lorempixel.com/640/480"
                    width="70px"
                  />
                </td>
                <td>
                  Tenetur deleniti aut molestiae maxime. Placeat nihil et ducimus et cum id voluptate sed. Maiores iure quia modi. At et cum et quas ad voluptas vel et.
                </td>
              </tr>
              <tr>
                <td>
                  Internal Applications Developer
                </td>
                <td>
                  <img
                    alt="item_image"
                    height="70px"
                    src="http://lorempixel.com/640/480"
                    width="70px"
                  />
                </td>
                <td>
                  Laborum et cumque nulla velit ipsa in. Voluptatum voluptatem autem officia aliquid nihil. Ipsam consectetur cumque veniam omnis sed magnam dolor eos.
                </td>
              </tr>
              <tr>
                <td>
                  Regional Creative Manager
                </td>
                <td>
                  <img
                    alt="item_image"
                    height="70px"
                    src="http://lorempixel.com/640/480"
                    width="70px"
                  />
                </td>
                <td>
                  Sed incidunt et maiores dignissimos ex qui sunt accusantium. Pariatur harum omnis veritatis temporibus accusantium. Est qui assumenda expedita omnis est et fuga laboriosam. Quis id placeat repudiandae rem. Quibusdam fugit soluta unde. Voluptatem neque est omnis non omnis.
                </td>
              </tr>
              <tr>
                <td>
                  Customer Branding Officer
                </td>
                <td>
                  <img
                    alt="item_image"
                    height="70px"
                    src="http://lorempixel.com/640/480"
                    width="70px"
                  />
                </td>
                <td>
                  Facere vel delectus. Quia quae veniam autem sapiente non nihil aut distinctio voluptatem. Dolorum optio earum ut. Qui illum ullam itaque qui vero cupiditate. Sunt et voluptas. Quidem autem est qui hic exercitationem.
                </td>
              </tr>
              <tr>
                <td>
                  Principal Group Supervisor
                </td>
                <td>
                  <img
                    alt="item_image"
                    height="70px"
                    src="http://lorempixel.com/640/480"
                    width="70px"
                  />
                </td>
                <td>
                  Et aliquid laboriosam dolor est facere. Eos repellendus dignissimos. Non pariatur est quibusdam quod praesentium. Veniam quia eius. Quia quae deleniti sequi.
                </td>
              </tr>
              <tr>
                <td>
                  Senior Tactics Manager
                </td>
                <td>
                  <img
                    alt="item_image"
                    height="70px"
                    src="http://lorempixel.com/640/480"
                    width="70px"
                  />
                </td>
                <td>
                  Esse eos et inventore tempore odit rerum illo est non. Sit aut deleniti. Molestiae corrupti nulla. Consequatur repellendus dolores aut qui reiciendis ipsam aperiam sapiente sed.
                </td>
              </tr>
              <tr>
                <td>
                  Regional Brand Planner
                </td>
                <td>
                  <img
                    alt="item_image"
                    height="70px"
                    src="http://lorempixel.com/640/480"
                    width="70px"
                  />
                </td>
                <td>
                  Dolor fugit quam. Non qui nostrum fuga molestiae dolores blanditiis ad quia unde. Numquam ipsa tempora quo nihil illum recusandae omnis inventore. Aperiam suscipit porro incidunt quia saepe.
                </td>
              </tr>
              <tr>
                <td>
                  Customer Creative Executive
                </td>
                <td>
                  <img
                    alt="item_image"
                    height="70px"
                    src="http://lorempixel.com/640/480"
                    width="70px"
                  />
                </td>
                <td>
                  Saepe vel et reprehenderit rerum iusto. Dolor distinctio adipisci molestias labore quo ut blanditiis veritatis ab. Laborum ipsum ipsum optio corrupti est ut commodi et harum. Qui nobis enim voluptatum.
                </td>
              </tr>
              <tr>
                <td>
                  Regional Program Facilitator
                </td>
                <td>
                  <img
                    alt="item_image"
                    height="70px"
                    src="http://lorempixel.com/640/480"
                    width="70px"
                  />
                </td>
                <td>
                  Enim totam earum voluptatem nihil aperiam ut. Sit fugiat deserunt earum velit vero voluptatem exercitationem corporis cumque. Architecto optio iure consequuntur unde autem fugiat laudantium et quod. Alias omnis laboriosam excepturi commodi recusandae et. Veritatis eius non illum accusamus.
                </td>
              </tr>
              <tr>
                <td>
                  Corporate Response Developer
                </td>
                <td>
                  <img
                    alt="item_image"
                    height="70px"
                    src="http://lorempixel.com/640/480"
                    width="70px"
                  />
                </td>
                <td>
                  Libero saepe distinctio ut voluptas voluptas nostrum facere. Sit et possimus assumenda ut non dolore. Odit vel quo non ab nemo.
                </td>
              </tr>
              <tr>
                <td>
                  Human Configuration Manager
                </td>
                <td>
                  <img
                    alt="item_image"
                    height="70px"
                    src="http://lorempixel.com/640/480"
                    width="70px"
                  />
                </td>
                <td>
                  Voluptatem molestias velit ut nihil quibusdam quia. Aut perferendis vero aut quam odio. Sunt quia odit magnam porro ea. Voluptatem veniam eius est ut. Quaerat magni in. Non aliquam iste nostrum omnis repudiandae harum rerum at.
                </td>
              </tr>
              <tr>
                <td>
                  Investor Marketing Specialist
                </td>
                <td>
                  <img
                    alt="item_image"
                    height="70px"
                    src="http://lorempixel.com/640/480"
                    width="70px"
                  />
                </td>
                <td>
                  Magni eaque atque autem dolor. Mollitia beatae ratione. Voluptatem et dolore fuga at fugiat nesciunt quibusdam qui quia. Totam sunt deserunt saepe explicabo. Cupiditate aut provident quasi et beatae hic.
                </td>
              </tr>
              <tr>
                <td>
                  Chief Operations Specialist
                </td>
                <td>
                  <img
                    alt="item_image"
                    height="70px"
                    src="http://lorempixel.com/640/480"
                    width="70px"
                  />
                </td>
                <td>
                  Aliquid tenetur saepe velit voluptas quo iste sapiente. Est hic accusamus assumenda ut debitis optio numquam est. Reiciendis nostrum quaerat corporis adipisci nemo velit deserunt repellat. Nihil maiores esse eaque voluptatibus quos dolores officiis voluptatibus voluptas. Illum laudantium autem.
                </td>
              </tr>
              <tr>
                <td>
                  Forward Operations Designer
                </td>
                <td>
                  <img
                    alt="item_image"
                    height="70px"
                    src="http://lorempixel.com/640/480"
                    width="70px"
                  />
                </td>
                <td>
                  Voluptas dolorem doloribus corporis voluptatum. Illum voluptate consequatur rerum delectus. Enim culpa velit consequuntur quis. Ab mollitia ducimus. Dolorem aut saepe beatae autem et omnis illo amet.
                </td>
              </tr>
              <tr>
                <td>
                  Global Brand Analyst
                </td>
                <td>
                  <img
                    alt="item_image"
                    height="70px"
                    src="http://lorempixel.com/640/480"
                    width="70px"
                  />
                </td>
                <td>
                  Eos sapiente non magni sed optio. Ad at qui nemo. Eveniet quibusdam sint ut animi nisi doloremque. At in qui quo praesentium. Odio quia totam in ab aliquid maxime iure.
                </td>
              </tr>
              <tr>
                <td>
                  Future Functionality Officer
                </td>
                <td>
                  <img
                    alt="item_image"
                    height="70px"
                    src="http://lorempixel.com/640/480"
                    width="70px"
                  />
                </td>
                <td>
                  Magni ut eius impedit suscipit. Facere autem accusantium. Eligendi molestiae quibusdam eaque aliquid hic debitis. Iusto dolorem laudantium velit eveniet quia repudiandae omnis.
                </td>
              </tr>
              <tr>
                <td>
                  Lead Identity Director
                </td>
                <td>
                  <img
                    alt="item_image"
                    height="70px"
                    src="http://lorempixel.com/640/480"
                    width="70px"
                  />
                </td>
                <td>
                  Nam praesentium voluptate enim perspiciatis doloremque et sint ut. Non modi aperiam quia sed quia omnis inventore quaerat. Quasi at doloremque dolorem eos repudiandae. Qui rerum dolor rerum illum vel doloribus nihil.
                </td>
              </tr>
              <tr>
                <td>
                  Customer Assurance Analyst
                </td>
                <td>
                  <img
                    alt="item_image"
                    height="70px"
                    src="http://lorempixel.com/640/480"
                    width="70px"
                  />
                </td>
                <td>
                  Placeat sit aut. Accusamus et possimus. Veniam vitae necessitatibus. Laborum veritatis molestiae sed.
                </td>
              </tr>
              <tr>
                <td>
                  Lead Markets Administrator
                </td>
                <td>
                  <img
                    alt="item_image"
                    height="70px"
                    src="http://lorempixel.com/640/480"
                    width="70px"
                  />
                </td>
                <td>
                  Unde repellat eos nemo est fugit. Aliquid accusamus iure aspernatur commodi alias culpa. Commodi quae vitae consequatur assumenda rem ea. Beatae illo veritatis consequatur esse. Animi est voluptatem. Dicta rerum dolore.
                </td>
              </tr>
              <tr>
                <td>
                  International Applications Assistant
                </td>
                <td>
                  <img
                    alt="item_image"
                    height="70px"
                    src="http://lorempixel.com/640/480"
                    width="70px"
                  />
                </td>
                <td>
                  Aut qui omnis sunt voluptas aut est vero pariatur sit. Ipsam delectus explicabo totam debitis doloribus in. Velit voluptates asperiores.
                </td>
              </tr>
              <tr>
                <td>
                  Human Data Facilitator
                </td>
                <td>
                  <img
                    alt="item_image"
                    height="70px"
                    src="http://lorempixel.com/640/480"
                    width="70px"
                  />
                </td>
                <td>
                  Et enim dolor eum natus ea quis. Et accusamus inventore voluptatum qui iure culpa optio. Natus et maxime optio in consequatur minus quia voluptatem.
                </td>
              </tr>
              <tr>
                <td>
                  Principal Operations Supervisor
                </td>
                <td>
                  <img
                    alt="item_image"
                    height="70px"
                    src="http://lorempixel.com/640/480"
                    width="70px"
                  />
                </td>
                <td>
                  Nihil hic neque dignissimos totam omnis ut aut. Fugiat voluptatem rem quisquam provident est odit. Necessitatibus veniam architecto quia. Rerum deserunt reiciendis velit voluptatem tempora iusto similique. Atque mollitia pariatur quia voluptatem qui laborum laborum rerum molestias.
                </td>
              </tr>
              <tr>
                <td>
                  Principal Operations Architect
                </td>
                <td>
                  <img
                    alt="item_image"
                    height="70px"
                    src="http://lorempixel.com/640/480"
                    width="70px"
                  />
                </td>
                <td>
                  Mollitia corporis doloribus neque omnis. Laborum est fugit voluptatem libero atque. Facilis reiciendis ex perspiciatis eaque amet in voluptas recusandae. Magni in soluta ut repellat error. Exercitationem quidem molestiae hic omnis qui doloremque nihil sint. Architecto illo aut repellat quia vel officiis occaecati iure.
                </td>
              </tr>
              <tr>
                <td>
                  Chief Program Consultant
                </td>
                <td>
                  <img
                    alt="item_image"
                    height="70px"
                    src="http://lorempixel.com/640/480"
                    width="70px"
                  />
                </td>
                <td>
                  Sed ipsa ea. Ut voluptas ratione non. Assumenda et illum.
                </td>
              </tr>
              <tr>
                <td>
                  Senior Security Agent
                </td>
                <td>
                  <img
                    alt="item_image"
                    height="70px"
                    src="http://lorempixel.com/640/480"
                    width="70px"
                  />
                </td>
                <td>
                  Ratione perferendis id sint maiores. Omnis aut libero facilis ipsa sed rerum saepe quo. Nesciunt eaque iure.
                </td>
              </tr>
              <tr>
                <td>
                  Central Creative Producer
                </td>
                <td>
                  <img
                    alt="item_image"
                    height="70px"
                    src="http://lorempixel.com/640/480"
                    width="70px"
                  />
                </td>
                <td>
                  Et qui rerum voluptatibus molestias. Eos id incidunt adipisci eum ratione dolores deleniti consectetur rem. Pariatur soluta inventore est facere maiores.
                </td>
              </tr>
              <tr>
                <td>
                  District Solutions Orchestrator
                </td>
                <td>
                  <img
                    alt="item_image"
                    height="70px"
                    src="http://lorempixel.com/640/480"
                    width="70px"
                  />
                </td>
                <td>
                  Laboriosam occaecati modi sit voluptatem. Quis harum rerum similique at. Animi porro doloremque expedita occaecati. Et porro eum quia eligendi doloribus aut. Tenetur provident maxime quod illum vitae excepturi. Nemo ipsum non.
                </td>
              </tr>
              <tr>
                <td>
                  Future Response Engineer
                </td>
                <td>
                  <img
                    alt="item_image"
                    height="70px"
                    src="http://lorempixel.com/640/480"
                    width="70px"
                  />
                </td>
                <td>
                  Id voluptas sapiente. Qui ipsam inventore exercitationem ut quia. Et qui saepe aperiam. Dolorem consequatur non praesentium totam molestiae odit consequuntur. Et beatae error doloribus ducimus.
                </td>
              </tr>
              <tr>
                <td>
                  District Quality Agent
                </td>
                <td>
                  <img
                    alt="item_image"
                    height="70px"
                    src="http://lorempixel.com/640/480"
                    width="70px"
                  />
                </td>
                <td>
                  Mollitia at facilis illum delectus eius pariatur id cumque autem. Nihil nihil dolore. Eaque non sint sint recusandae accusantium ut voluptas aut.
                </td>
              </tr>
              <tr>
                <td>
                  Central Research Strategist
                </td>
                <td>
                  <img
                    alt="item_image"
                    height="70px"
                    src="http://lorempixel.com/640/480"
                    width="70px"
                  />
                </td>
                <td>
                  Sed eaque et et atque sit. Vel dolorem cupiditate ducimus. Ea iste aut omnis est reiciendis aliquid eos. Explicabo quae rerum dolorum nostrum aut. Dolores at quidem ipsam rerum quis vitae veniam est voluptatibus. Odio veniam expedita laborum voluptatum vero repellat consectetur.
                </td>
              </tr>
              <tr>
                <td>
                  Customer Web Specialist
                </td>
                <td>
                  <img
                    alt="item_image"
                    height="70px"
                    src="http://lorempixel.com/640/480"
                    width="70px"
                  />
                </td>
                <td>
                  Tempore aliquam debitis. Alias quia ut commodi omnis nisi omnis. Eaque aut expedita consequatur.
                </td>
              </tr>
              <tr>
                <td>
                  Global Brand Associate
                </td>
                <td>
                  <img
                    alt="item_image"
                    height="70px"
                    src="http://lorempixel.com/640/480"
                    width="70px"
                  />
                </td>
                <td>
                  Et accusamus voluptate cum aut corporis. Accusantium error delectus quia. Placeat ipsum dolore autem. Sunt harum nisi nobis dolor quas.
                </td>
              </tr>
              <tr>
                <td>
                  Chief Research Representative
                </td>
                <td>
                  <img
                    alt="item_image"
                    height="70px"
                    src="http://lorempixel.com/640/480"
                    width="70px"
                  />
                </td>
                <td>
                  Numquam cumque quis necessitatibus. Praesentium est atque quia voluptas aspernatur id laboriosam vitae voluptatem. Officiis consequatur molestiae et qui omnis cumque et. Voluptate quaerat quidem iure at rerum incidunt debitis iste. Minus et et.
                </td>
              </tr>
              <tr>
                <td>
                  Product Usability Planner
                </td>
                <td>
                  <img
                    alt="item_image"
                    height="70px"
                    src="http://lorempixel.com/640/480"
                    width="70px"
                  />
                </td>
                <td>
                  Facere dolorum autem officiis vel. Laudantium alias praesentium inventore. Voluptates repudiandae consequatur tenetur quod quia dolor eius laudantium omnis. Et voluptatibus ipsa placeat a delectus. Deserunt quia libero soluta id quo. Aperiam sit a neque.
                </td>
              </tr>
              <tr>
                <td>
                  Lead Marketing Orchestrator
                </td>
                <td>
                  <img
                    alt="item_image"
                    height="70px"
                    src="http://lorempixel.com/640/480"
                    width="70px"
                  />
                </td>
                <td>
                  Voluptatem repudiandae veritatis aut adipisci tenetur. Eligendi in enim qui quo quod. Vitae est ipsam dignissimos eveniet harum.
                </td>
              </tr>
              <tr>
                <td>
                  Product Paradigm Assistant
                </td>
                <td>
                  <img
                    alt="item_image"
                    height="70px"
                    src="http://lorempixel.com/640/480"
                    width="70px"
                  />
                </td>
                <td>
                  Tenetur magnam ut nihil libero vitae fuga vero. Est tempora minus. Illo dolor ut debitis a sit blanditiis quas. Accusantium quis pariatur id fugit et. Nemo incidunt quia est aperiam est consequatur.
                </td>
              </tr>
              <tr>
                <td>
                  Internal Directives Designer
                </td>
                <td>
                  <img
                    alt="item_image"
                    height="70px"
                    src="http://lorempixel.com/640/480"
                    width="70px"
                  />
                </td>
                <td>
                  Et voluptatum voluptates placeat. Consequatur id est id in qui. Voluptatibus alias veritatis cupiditate quaerat voluptas mollitia.
                </td>
              </tr>
              <tr>
                <td>
                  National Metrics Designer
                </td>
                <td>
                  <img
                    alt="item_image"
                    height="70px"
                    src="http://lorempixel.com/640/480"
                    width="70px"
                  />
                </td>
                <td>
                  Dolorem asperiores ex. Debitis quia molestias porro sunt vel maxime. Saepe illum soluta inventore iure doloribus. Molestias illum sed et quibusdam. Voluptatem fuga minus quae repudiandae unde delectus.
                </td>
              </tr>
              <tr>
                <td>
                  Dynamic Interactions Supervisor
                </td>
                <td>
                  <img
                    alt="item_image"
                    height="70px"
                    src="http://lorempixel.com/640/480"
                    width="70px"
                  />
                </td>
                <td>
                  Sunt modi id nemo quod magni incidunt qui fugiat. Delectus perspiciatis hic ut. Beatae hic hic aliquam voluptatibus fuga sunt.
                </td>
              </tr>
              <tr>
                <td>
                  Human Solutions Planner
                </td>
                <td>
                  <img
                    alt="item_image"
                    height="70px"
                    src="http://lorempixel.com/640/480"
                    width="70px"
                  />
                </td>
                <td>
                  Necessitatibus numquam nobis molestias nam. Expedita ut qui quia et dolor aperiam ea nulla. Facilis quia dolore ab asperiores culpa. Vel enim magnam in. Molestias qui modi qui consequatur. Placeat ea reiciendis dolorum ratione ea tenetur illo.
                </td>
              </tr>
              <tr>
                <td>
                  Dynamic Division Strategist
                </td>
                <td>
                  <img
                    alt="item_image"
                    height="70px"
                    src="http://lorempixel.com/640/480"
                    width="70px"
                  />
                </td>
                <td>
                  Qui animi est nemo sunt repudiandae illum. Accusantium illo dolorem atque enim ad. Blanditiis illo unde at inventore sed et. Odit culpa nostrum libero blanditiis perferendis. Dolorem et occaecati soluta et molestiae consequuntur.
                </td>
              </tr>
              <tr>
                <td>
                  Regional Functionality Analyst
                </td>
                <td>
                  <img
                    alt="item_image"
                    height="70px"
                    src="http://lorempixel.com/640/480"
                    width="70px"
                  />
                </td>
                <td>
                  Sed impedit repellat molestiae debitis. Neque cumque animi aut aspernatur eum dicta unde atque. Est pariatur quidem rem. Placeat qui esse qui minus.
                </td>
              </tr>
              <tr>
                <td>
                  Chief Mobility Officer
                </td>
                <td>
                  <img
                    alt="item_image"
                    height="70px"
                    src="http://lorempixel.com/640/480"
                    width="70px"
                  />
                </td>
                <td>
                  Hic esse laborum. Perferendis quos eligendi. Quo laudantium occaecati molestiae deserunt voluptatum eum doloribus.
                </td>
              </tr>
              <tr>
                <td>
                  Human Web Agent
                </td>
                <td>
                  <img
                    alt="item_image"
                    height="70px"
                    src="http://lorempixel.com/640/480"
                    width="70px"
                  />
                </td>
                <td>
                  Vitae dolor natus aut aut. Totam dolor porro. Rem est repellendus voluptas eos soluta.
                </td>
              </tr>
              <tr>
                <td>
                  Human Mobility Supervisor
                </td>
                <td>
                  <img
                    alt="item_image"
                    height="70px"
                    src="http://lorempixel.com/640/480"
                    width="70px"
                  />
                </td>
                <td>
                  Perspiciatis qui ut expedita et itaque. Aut illum aliquid ea quod velit in facilis qui. Laboriosam omnis a eius. Fugit accusantium adipisci eaque ex quia magnam. A neque cupiditate ea aliquam earum. Facilis officiis ex veniam laborum.
                </td>
              </tr>
              <tr>
                <td>
                  Dynamic Marketing Orchestrator
                </td>
                <td>
                  <img
                    alt="item_image"
                    height="70px"
                    src="http://lorempixel.com/640/480"
                    width="70px"
                  />
                </td>
                <td>
                  Molestiae aperiam alias qui est nostrum aut quod et. Sapiente eos aut vel veritatis ut numquam placeat impedit doloremque. Hic ut est sint ea. Ipsam aspernatur aut a dolorum incidunt qui deserunt porro cum.
                </td>
              </tr>
              <tr>
                <td>
                  Direct Web Engineer
                </td>
                <td>
                  <img
                    alt="item_image"
                    height="70px"
                    src="http://lorempixel.com/640/480"
                    width="70px"
                  />
                </td>
                <td>
                  Recusandae nisi et pariatur laborum officiis tempora minus omnis quia. Voluptas labore consequatur quo ad voluptatem animi illo. Facilis nihil temporibus veniam veniam qui assumenda. Doloribus dolore aut et enim alias voluptatibus impedit pariatur. Assumenda sunt qui molestiae ut vel corrupti eligendi et omnis.
                </td>
              </tr>
              <tr>
                <td>
                  Principal Operations Specialist
                </td>
                <td>
                  <img
                    alt="item_image"
                    height="70px"
                    src="http://lorempixel.com/640/480"
                    width="70px"
                  />
                </td>
                <td>
                  Dolores debitis nobis inventore a nesciunt voluptatem molestias. Placeat rem placeat dolorem eveniet et beatae praesentium autem excepturi. Repellendus tempore tempora enim repudiandae voluptas officiis voluptatibus maiores accusantium. Et omnis hic quis libero nulla fuga. Occaecati totam voluptas deleniti aliquam recusandae.
                </td>
              </tr>
              <tr>
                <td>
                  Human Communications Representative
                </td>
                <td>
                  <img
                    alt="item_image"
                    height="70px"
                    src="http://lorempixel.com/640/480"
                    width="70px"
                  />
                </td>
                <td>
                  Libero qui magnam necessitatibus sed suscipit id qui tempora maxime. Qui magnam voluptatibus aliquam iusto ducimus ab qui sint. Possimus sunt odit ullam voluptatem illum. Qui sed magnam nostrum doloribus deserunt assumenda nulla voluptatem.
                </td>
              </tr>
              <tr>
                <td>
                  Human Security Technician
                </td>
                <td>
                  <img
                    alt="item_image"
                    height="70px"
                    src="http://lorempixel.com/640/480"
                    width="70px"
                  />
                </td>
                <td>
                  In ut qui itaque ut maiores. Vel ut incidunt necessitatibus error officia porro ut omnis. Laboriosam explicabo aut officia qui fugit fuga eos nam. Eius culpa commodi. Quia quia aut odio rem velit temporibus et velit est.
                </td>
              </tr>
              <tr>
                <td>
                  International Paradigm Associate
                </td>
                <td>
                  <img
                    alt="item_image"
                    height="70px"
                    src="http://lorempixel.com/640/480"
                    width="70px"
                  />
                </td>
                <td>
                  Velit amet perspiciatis sed ratione ut quidem. Et libero eos cum eligendi praesentium est quo cupiditate nihil. Ut vero magni praesentium veritatis inventore iste. Laborum assumenda officia et non sit atque aut fuga. Voluptatum rem et ex nesciunt doloremque illum tempore quia eligendi. Dolor magnam modi adipisci ratione et doloribus repellat sunt ut.
                </td>
              </tr>
              <tr>
                <td>
                  Legacy Applications Officer
                </td>
                <td>
                  <img
                    alt="item_image"
                    height="70px"
                    src="http://lorempixel.com/640/480"
                    width="70px"
                  />
                </td>
                <td>
                  Vero vitae saepe veniam exercitationem aliquid repellat voluptatem repellendus qui. Nam non ut adipisci veritatis et est nemo. Voluptatem sed minima magni iure ut. Est quisquam et. Qui quod deleniti tempora modi.
                </td>
              </tr>
              <tr>
                <td>
                  Direct Mobility Developer
                </td>
                <td>
                  <img
                    alt="item_image"
                    height="70px"
                    src="http://lorempixel.com/640/480"
                    width="70px"
                  />
                </td>
                <td>
                  Odit nulla eligendi sint temporibus delectus in tempore rem omnis. Voluptas quis cumque rerum sed mollitia non. Et debitis nostrum assumenda sunt dolor voluptas velit corporis dolor. Voluptas sapiente consectetur velit odio et nobis et beatae. Id cum illum illum est. Quod est tempore voluptas.
                </td>
              </tr>
              <tr>
                <td>
                  National Factors Administrator
                </td>
                <td>
                  <img
                    alt="item_image"
                    height="70px"
                    src="http://lorempixel.com/640/480"
                    width="70px"
                  />
                </td>
                <td>
                  Debitis repellat eius qui consequatur debitis vitae suscipit. Sit eveniet doloribus placeat velit non. Totam quo deserunt laboriosam necessitatibus eum eveniet. Iste et voluptates sapiente dolor accusantium.
                </td>
              </tr>
              <tr>
                <td>
                  Forward Integration Manager
                </td>
                <td>
                  <img
                    alt="item_image"
                    height="70px"
                    src="http://lorempixel.com/640/480"
                    width="70px"
                  />
                </td>
                <td>
                  Eveniet assumenda omnis excepturi dolor eaque. Laboriosam inventore tempore quo assumenda quos quae recusandae aliquid corrupti. Vitae vitae ut dignissimos atque.
                </td>
              </tr>
              <tr>
                <td>
                  Corporate Integration Consultant
                </td>
                <td>
                  <img
                    alt="item_image"
                    height="70px"
                    src="http://lorempixel.com/640/480"
                    width="70px"
                  />
                </td>
                <td>
                  Quisquam voluptatem nihil et voluptatem temporibus sapiente. Laboriosam adipisci nihil repudiandae ex. Eius eum eaque. Similique sint fugit molestiae soluta dolore nobis aut.
                </td>
              </tr>
              <tr>
                <td>
                  District Branding Liaison
                </td>
                <td>
                  <img
                    alt="item_image"
                    height="70px"
                    src="http://lorempixel.com/640/480"
                    width="70px"
                  />
                </td>
                <td>
                  Fugiat praesentium aspernatur accusantium praesentium blanditiis modi. Ipsam dignissimos odio eum aut fugit aliquam error facilis explicabo. Voluptatum eaque ullam voluptate hic dolorem dolores ab quod. Incidunt consequatur nam et voluptatem reprehenderit quibusdam hic aut. Architecto voluptas numquam est natus quis. Reprehenderit eaque voluptas voluptas nihil cupiditate.
                </td>
              </tr>
              <tr>
                <td>
                  Senior Quality Consultant
                </td>
                <td>
                  <img
                    alt="item_image"
                    height="70px"
                    src="http://lorempixel.com/640/480"
                    width="70px"
                  />
                </td>
                <td>
                  A et aut repellat minus qui fugiat. Sapiente unde voluptatem vel nihil. Ut perferendis fugiat dolores est enim voluptatem dolorum qui cum.
                </td>
              </tr>
              <tr>
                <td>
                  District Data Liaison
                </td>
                <td>
                  <img
                    alt="item_image"
                    height="70px"
                    src="http://lorempixel.com/640/480"
                    width="70px"
                  />
                </td>
                <td>
                  Quis autem quia eos. Similique saepe error qui magnam sint doloremque quo quasi voluptatibus. Pariatur error repudiandae aut libero omnis esse voluptatem numquam. Est repellendus quo maxime iusto in inventore tempora harum.
                </td>
              </tr>
            </tbody>
          </table>
        </div>
      </div>
    </div>
  </div>
</div>
`;
